None Wed Jun 17 09:50:08 2020None Wed Jun 17 09:50:10 2020None Wed Jun 17 09:50:12 2020None Wed Jun 17 09:50:14 2020None Wed Jun 17 09:50:16 2020None Wed Jun 17 09:50:18 2020None Wed Jun 17 09:50:20 2020None Wed Jun 17 09:50:22 2020None Wed Jun 17 09:50:24 2020None Wed Jun 17 09:50:26 2020None Wed Jun 17 09:50:28 2020None Wed Jun 17 09:50:30 2020None Wed Jun 17 09:50:32 2020None Wed Jun 17 09:50:34 2020None Wed Jun 17 09:50:36 2020None Wed Jun 17 09:50:38 2020None Wed Jun 17 09:50:40 2020None Wed Jun 17 09:50:42 2020None Wed Jun 17 09:50:44 2020None Wed Jun 17 09:50:46 2020None Wed Jun 17 09:50:48 2020None Wed Jun 17 09:50:50 2020None Wed Jun 17 09:50:52 2020None Wed Jun 17 09:50:54 2020None Wed Jun 17 09:50:56 2020None Wed Jun 17 09:50:58 2020None Wed Jun 17 09:51:00 2020None Wed Jun 17 09:51:02 2020None Wed Jun 17 09:51:04 2020None Wed Jun 17 09:51:06 2020None Wed Jun 17 09:51:08 2020None Wed Jun 17 09:51:10 2020None Wed Jun 17 09:51:12 2020None Wed Jun 17 09:51:14 2020None Wed Jun 17 09:51:16 2020None Wed Jun 17 09:51:18 2020None Wed Jun 17 09:51:20 2020None Wed Jun 17 09:51:22 2020[Errno 11] Resource temporarily unavailable Wed Jun 17 09:51:43 2020
[Errno 11] Resource temporarily unavailable Wed Jun 17 09:51:45 2020
[Errno 11] Resource temporarily unavailable Wed Jun 17 09:51:48 2020
[Errno 11] Resource temporarily unavailable Wed Jun 17 09:51:50 2020
[Errno 11] Resource temporarily unavailable Wed Jun 17 09:51:52 2020
[Errno 11] Resource temporarily unavailable Wed Jun 17 09:51:54 2020
[Errno 11] Resource temporarily unavailable Wed Jun 17 09:51:56 2020
[Errno 11] Resource temporarily unavailable Wed Jun 17 09:51:58 2020
[Errno 11] Resource temporarily unavailable Wed Jun 17 09:52:00 2020
[Errno 11] Resource temporarily unavailable Wed Jun 17 09:52:02 2020
[Errno 11] Resource temporarily unavailable Wed Jun 17 09:52:04 2020
[Errno 11] Resource temporarily unavailable Wed Jun 17 09:52:06 2020
[Errno 11] Resource temporarily unavailable Wed Jun 17 09:52:08 2020
[Errno 11] Resource temporarily unavailable Wed Jun 17 09:52:10 2020
[Errno 11] Resource temporarily unavailable Wed Jun 17 09:52:12 2020
[Errno 11] Resource temporarily unavailable Wed Jun 17 09:52:14 2020
[Errno 11] Resource temporarily unavailable Wed Jun 17 09:52:16 2020
[Errno 11] Resource temporarily unavailable Wed Jun 17 09:52:18 2020
[Errno 11] Resource temporarily unavailable Wed Jun 17 09:52:20 2020
timed out Wed Jun 17 09:54:54 2020
timed out Wed Jun 17 09:54:57 2020
timed out Wed Jun 17 09:55:00 2020
timed out Wed Jun 17 09:55:03 2020
timed out Wed Jun 17 09:55:06 2020
timed out Wed Jun 17 09:55:09 2020
timed out Wed Jun 17 09:55:12 2020
timed out Wed Jun 17 09:55:15 2020
timed out Wed Jun 17 09:55:18 2020
